mode: set
github.com/example/bookstore/renting/backend/internal/config/config.go:15.20,22.2 1 1
github.com/example/bookstore/renting/backend/internal/config/config.go:24.49,26.17 2 1
github.com/example/bookstore/renting/backend/internal/config/config.go:26.17,28.3 1 1
github.com/example/bookstore/renting/backend/internal/config/config.go:29.2,29.14 1 1
github.com/example/bookstore/renting/backend/internal/config/config.go:32.49,34.17 2 1
github.com/example/bookstore/renting/backend/internal/config/config.go:34.17,36.3 1 1
github.com/example/bookstore/renting/backend/internal/config/config.go:38.2,39.16 2 1
github.com/example/bookstore/renting/backend/internal/config/config.go:39.16,41.3 1 1
github.com/example/bookstore/renting/backend/internal/config/config.go:43.2,43.15 1 1
github.com/example/bookstore/renting/backend/cmd/renting/main.go:21.13,22.58 1 0
github.com/example/bookstore/renting/backend/cmd/renting/main.go:22.58,24.3 1 0
github.com/example/bookstore/renting/backend/cmd/renting/main.go:27.80,28.68 1 1
github.com/example/bookstore/renting/backend/cmd/renting/main.go:28.68,30.3 1 0
github.com/example/bookstore/renting/backend/cmd/renting/main.go:37.9,39.16 2 1
github.com/example/bookstore/renting/backend/cmd/renting/main.go:39.16,41.3 1 1
github.com/example/bookstore/renting/backend/cmd/renting/main.go:42.2,52.12 5 1
github.com/example/bookstore/renting/backend/cmd/renting/main.go:52.12,55.3 2 1
github.com/example/bookstore/renting/backend/cmd/renting/main.go:57.2,60.9 3 1
github.com/example/bookstore/renting/backend/cmd/renting/main.go:61.22,62.44 1 1
github.com/example/bookstore/renting/backend/cmd/renting/main.go:62.44,64.4 1 1
github.com/example/bookstore/renting/backend/cmd/renting/main.go:65.20,68.46 3 1
github.com/example/bookstore/renting/backend/cmd/renting/main.go:68.46,70.4 1 0
github.com/example/bookstore/renting/backend/cmd/renting/main.go:73.2,73.12 1 1
github.com/example/bookstore/renting/backend/cmd/renting/main.go:76.75,77.27 1 1
github.com/example/bookstore/renting/backend/cmd/renting/main.go:77.27,79.46 2 1
github.com/example/bookstore/renting/backend/cmd/renting/main.go:79.47,79.48 0 1
github.com/example/bookstore/renting/backend/cmd/renting/main.go:82.2,83.16 2 1
github.com/example/bookstore/renting/backend/cmd/renting/main.go:83.16,85.3 1 1
github.com/example/bookstore/renting/backend/cmd/renting/main.go:87.2,90.44 3 1
github.com/example/bookstore/renting/backend/cmd/renting/main.go:90.44,93.3 2 1
github.com/example/bookstore/renting/backend/cmd/renting/main.go:95.2,96.21 2 1
github.com/example/bookstore/renting/backend/cmd/renting/main.go:96.21,97.49 1 1
github.com/example/bookstore/renting/backend/cmd/renting/main.go:97.49,100.4 2 1
github.com/example/bookstore/renting/backend/cmd/renting/main.go:103.2,103.28 1 1
github.com/example/bookstore/renting/backend/cmd/renting/main.go:103.28,104.36 1 1
github.com/example/bookstore/renting/backend/cmd/renting/main.go:104.36,106.4 1 1
github.com/example/bookstore/renting/backend/internal/httpapi/router.go:15.53,27.2 9 1
github.com/example/bookstore/renting/backend/internal/httpapi/router.go:29.66,31.2 1 1
github.com/example/bookstore/renting/backend/internal/httpapi/router.go:33.70,35.16 2 1
github.com/example/bookstore/renting/backend/internal/httpapi/router.go:35.16,38.3 2 1
github.com/example/bookstore/renting/backend/internal/httpapi/router.go:40.2,40.37 1 1
github.com/example/bookstore/renting/backend/internal/httpapi/router.go:43.68,45.16 2 1
github.com/example/bookstore/renting/backend/internal/httpapi/router.go:45.16,48.3 2 1
github.com/example/bookstore/renting/backend/internal/httpapi/router.go:50.2,50.35 1 1
github.com/example/bookstore/renting/backend/internal/httpapi/router.go:53.71,55.9 2 1
github.com/example/bookstore/renting/backend/internal/httpapi/router.go:55.9,57.3 1 1
github.com/example/bookstore/renting/backend/internal/httpapi/router.go:59.2,60.16 2 1
github.com/example/bookstore/renting/backend/internal/httpapi/router.go:60.16,63.3 2 1
github.com/example/bookstore/renting/backend/internal/httpapi/router.go:65.2,65.43 1 1
github.com/example/bookstore/renting/backend/internal/httpapi/router.go:68.71,70.9 2 1
github.com/example/bookstore/renting/backend/internal/httpapi/router.go:70.9,72.3 1 1
github.com/example/bookstore/renting/backend/internal/httpapi/router.go:74.2,75.16 2 1
github.com/example/bookstore/renting/backend/internal/httpapi/router.go:75.16,78.3 2 1
github.com/example/bookstore/renting/backend/internal/httpapi/router.go:80.2,80.38 1 1
github.com/example/bookstore/renting/backend/internal/httpapi/router.go:83.71,84.73 1 1
github.com/example/bookstore/renting/backend/internal/httpapi/router.go:84.73,87.3 2 1
github.com/example/bookstore/renting/backend/internal/httpapi/router.go:89.2,89.37 1 1
github.com/example/bookstore/renting/backend/internal/httpapi/router.go:92.88,99.47 5 1
github.com/example/bookstore/renting/backend/internal/httpapi/router.go:99.47,102.3 2 1
github.com/example/bookstore/renting/backend/internal/httpapi/router.go:104.2,104.20 1 1
github.com/example/bookstore/renting/backend/internal/httpapi/router.go:107.58,108.9 1 1
github.com/example/bookstore/renting/backend/internal/httpapi/router.go:109.42,110.59 1 1
github.com/example/bookstore/renting/backend/internal/httpapi/router.go:111.41,112.56 1 1
github.com/example/bookstore/renting/backend/internal/httpapi/router.go:113.45,114.52 1 1
github.com/example/bookstore/renting/backend/internal/httpapi/router.go:115.10,116.68 1 0
github.com/example/bookstore/renting/backend/internal/httpapi/router.go:120.61,124.2 3 1
github.com/example/bookstore/renting/backend/internal/httpapi/router.go:126.68,128.2 1 1
github.com/example/bookstore/renting/backend/internal/httpapi/router.go:130.47,131.71 1 1
github.com/example/bookstore/renting/backend/internal/httpapi/router.go:131.71,136.37 4 1
github.com/example/bookstore/renting/backend/internal/httpapi/router.go:136.37,139.4 2 1
github.com/example/bookstore/renting/backend/internal/httpapi/router.go:141.3,141.23 1 1
github.com/example/bookstore/renting/backend/internal/order/memory_repository.go:14.59,19.28 2 1
github.com/example/bookstore/renting/backend/internal/order/memory_repository.go:19.28,21.3 1 1
github.com/example/bookstore/renting/backend/internal/order/memory_repository.go:23.2,23.19 1 1
github.com/example/bookstore/renting/backend/internal/order/memory_repository.go:26.67,31.32 4 1
github.com/example/bookstore/renting/backend/internal/order/memory_repository.go:31.32,33.3 1 1
github.com/example/bookstore/renting/backend/internal/order/memory_repository.go:35.2,35.54 1 1
github.com/example/bookstore/renting/backend/internal/order/memory_repository.go:35.54,37.3 1 1
github.com/example/bookstore/renting/backend/internal/order/memory_repository.go:39.2,39.20 1 1
github.com/example/bookstore/renting/backend/internal/order/memory_repository.go:42.77,47.9 4 1
github.com/example/bookstore/renting/backend/internal/order/memory_repository.go:47.9,49.3 1 1
github.com/example/bookstore/renting/backend/internal/order/memory_repository.go:51.2,51.25 1 1
github.com/example/bookstore/renting/backend/internal/order/memory_repository.go:54.81,60.2 4 1
github.com/example/bookstore/renting/backend/internal/order/memory_repository.go:62.81,66.37 3 1
github.com/example/bookstore/renting/backend/internal/order/memory_repository.go:66.37,68.3 1 1
github.com/example/bookstore/renting/backend/internal/order/memory_repository.go:70.2,71.25 2 1
github.com/example/bookstore/renting/backend/internal/order/memory_repository.go:74.71,78.32 3 1
github.com/example/bookstore/renting/backend/internal/order/memory_repository.go:78.32,80.3 1 1
github.com/example/bookstore/renting/backend/internal/order/memory_repository.go:82.2,83.12 2 1
github.com/example/bookstore/renting/backend/internal/order/model.go:100.41,102.2 1 1
github.com/example/bookstore/renting/backend/internal/order/model.go:104.41,106.2 1 1
github.com/example/bookstore/renting/backend/internal/order/model.go:108.44,110.2 1 1
github.com/example/bookstore/renting/backend/internal/order/model.go:112.34,115.2 2 1
github.com/example/bookstore/renting/backend/internal/order/model.go:117.41,118.23 1 1
github.com/example/bookstore/renting/backend/internal/order/model.go:119.37,120.15 1 1
github.com/example/bookstore/renting/backend/internal/order/model.go:121.10,122.19 1 1
github.com/example/bookstore/renting/backend/internal/order/model.go:126.71,130.28 4 1
github.com/example/bookstore/renting/backend/internal/order/model.go:130.28,132.3 1 1
github.com/example/bookstore/renting/backend/internal/order/model.go:133.2,133.19 1 1
github.com/example/bookstore/renting/backend/internal/order/model.go:136.65,140.29 3 1
github.com/example/bookstore/renting/backend/internal/order/model.go:140.29,142.3 1 1
github.com/example/bookstore/renting/backend/internal/order/model.go:143.2,143.35 1 1
github.com/example/bookstore/renting/backend/internal/order/model.go:143.35,145.3 1 1
github.com/example/bookstore/renting/backend/internal/order/model.go:146.2,146.31 1 1
github.com/example/bookstore/renting/backend/internal/order/model.go:146.31,148.3 1 1
github.com/example/bookstore/renting/backend/internal/order/model.go:150.2,150.47 1 1
github.com/example/bookstore/renting/backend/internal/order/model.go:150.47,152.3 1 1
github.com/example/bookstore/renting/backend/internal/order/model.go:154.2,154.23 1 1
github.com/example/bookstore/renting/backend/internal/order/model.go:154.23,156.3 1 1
github.com/example/bookstore/renting/backend/internal/order/model.go:157.2,157.12 1 1
github.com/example/bookstore/renting/backend/internal/order/model.go:160.37,163.45 2 1
github.com/example/bookstore/renting/backend/internal/order/model.go:163.45,165.3 1 1
github.com/example/bookstore/renting/backend/internal/order/model.go:166.2,166.43 1 1
github.com/example/bookstore/renting/backend/internal/order/model.go:166.43,168.3 1 0
github.com/example/bookstore/renting/backend/internal/order/model.go:169.2,169.29 1 1
github.com/example/bookstore/renting/backend/internal/order/model.go:169.29,171.3 1 0
github.com/example/bookstore/renting/backend/internal/order/model.go:172.2,172.31 1 1
github.com/example/bookstore/renting/backend/internal/order/model.go:172.31,174.3 1 0
github.com/example/bookstore/renting/backend/internal/order/model.go:175.2,175.45 1 1
github.com/example/bookstore/renting/backend/internal/order/model.go:175.45,177.3 1 1
github.com/example/bookstore/renting/backend/internal/order/model.go:178.2,178.30 1 1
github.com/example/bookstore/renting/backend/internal/order/model.go:178.30,180.3 1 0
github.com/example/bookstore/renting/backend/internal/order/model.go:181.2,181.26 1 1
github.com/example/bookstore/renting/backend/internal/order/model.go:181.26,183.3 1 1
github.com/example/bookstore/renting/backend/internal/order/model.go:185.2,185.42 1 1
github.com/example/bookstore/renting/backend/internal/order/model.go:185.42,187.3 1 1
github.com/example/bookstore/renting/backend/internal/order/model.go:189.2,189.23 1 1
github.com/example/bookstore/renting/backend/internal/order/model.go:189.23,191.3 1 1
github.com/example/bookstore/renting/backend/internal/order/model.go:192.2,192.12 1 1
github.com/example/bookstore/renting/backend/internal/order/model.go:195.50,214.37 4 1
github.com/example/bookstore/renting/backend/internal/order/model.go:214.37,215.37 1 1
github.com/example/bookstore/renting/backend/internal/order/model.go:215.37,217.4 1 1
github.com/example/bookstore/renting/backend/internal/order/model.go:220.2,220.20 1 1
github.com/example/bookstore/renting/backend/internal/order/model.go:220.20,222.3 1 1
github.com/example/bookstore/renting/backend/internal/order/model.go:223.2,223.22 1 1
github.com/example/bookstore/renting/backend/internal/order/model.go:223.22,225.3 1 1
github.com/example/bookstore/renting/backend/internal/order/model.go:226.2,226.27 1 1
github.com/example/bookstore/renting/backend/internal/order/model.go:226.27,228.3 1 1
github.com/example/bookstore/renting/backend/internal/order/model.go:229.2,229.24 1 1
github.com/example/bookstore/renting/backend/internal/order/model.go:229.24,231.3 1 1
github.com/example/bookstore/renting/backend/internal/order/model.go:233.2,233.17 1 1
github.com/example/bookstore/renting/backend/internal/order/model.go:236.32,237.65 1 1
github.com/example/bookstore/renting/backend/internal/order/model.go:238.59,239.14 1 1
github.com/example/bookstore/renting/backend/internal/order/model.go:240.10,241.15 1 1
github.com/example/bookstore/renting/backend/internal/order/model.go:245.31,249.2 3 1
github.com/example/bookstore/renting/backend/internal/order/postgres_repository.go:15.50,17.2 1 1
github.com/example/bookstore/renting/backend/internal/order/postgres_repository.go:19.60,32.16 2 1
github.com/example/bookstore/renting/backend/internal/order/postgres_repository.go:32.16,34.3 1 1
github.com/example/bookstore/renting/backend/internal/order/postgres_repository.go:35.2,35.12 1 1
github.com/example/bookstore/renting/backend/internal/order/postgres_repository.go:38.68,44.16 2 1
github.com/example/bookstore/renting/backend/internal/order/postgres_repository.go:44.16,46.3 1 1
github.com/example/bookstore/renting/backend/internal/order/postgres_repository.go:47.2,50.18 3 1
github.com/example/bookstore/renting/backend/internal/order/postgres_repository.go:50.18,52.17 2 1
github.com/example/bookstore/renting/backend/internal/order/postgres_repository.go:52.17,54.4 1 1
github.com/example/bookstore/renting/backend/internal/order/postgres_repository.go:55.3,55.32 1 1
github.com/example/bookstore/renting/backend/internal/order/postgres_repository.go:58.2,58.35 1 1
github.com/example/bookstore/renting/backend/internal/order/postgres_repository.go:58.35,60.3 1 1
github.com/example/bookstore/renting/backend/internal/order/postgres_repository.go:62.2,62.20 1 1
github.com/example/bookstore/renting/backend/internal/order/postgres_repository.go:65.76,73.35 3 1
github.com/example/bookstore/renting/backend/internal/order/postgres_repository.go:73.35,75.3 1 1
github.com/example/bookstore/renting/backend/internal/order/postgres_repository.go:76.2,76.16 1 1
github.com/example/bookstore/renting/backend/internal/order/postgres_repository.go:76.16,78.3 1 1
github.com/example/bookstore/renting/backend/internal/order/postgres_repository.go:80.2,80.18 1 1
github.com/example/bookstore/renting/backend/internal/order/postgres_repository.go:83.80,85.16 2 1
github.com/example/bookstore/renting/backend/internal/order/postgres_repository.go:85.16,87.3 1 0
github.com/example/bookstore/renting/backend/internal/order/postgres_repository.go:89.2,93.16 2 1
github.com/example/bookstore/renting/backend/internal/order/postgres_repository.go:93.16,95.3 1 1
github.com/example/bookstore/renting/backend/internal/order/postgres_repository.go:97.2,97.25 1 1
github.com/example/bookstore/renting/backend/internal/order/postgres_repository.go:100.80,102.16 2 1
github.com/example/bookstore/renting/backend/internal/order/postgres_repository.go:102.16,104.3 1 0
github.com/example/bookstore/renting/backend/internal/order/postgres_repository.go:106.2,111.16 2 1
github.com/example/bookstore/renting/backend/internal/order/postgres_repository.go:111.16,113.3 1 1
github.com/example/bookstore/renting/backend/internal/order/postgres_repository.go:115.2,116.16 2 1
github.com/example/bookstore/renting/backend/internal/order/postgres_repository.go:116.16,118.3 1 1
github.com/example/bookstore/renting/backend/internal/order/postgres_repository.go:119.2,119.19 1 1
github.com/example/bookstore/renting/backend/internal/order/postgres_repository.go:119.19,121.3 1 1
github.com/example/bookstore/renting/backend/internal/order/postgres_repository.go:123.2,123.25 1 1
github.com/example/bookstore/renting/backend/internal/order/postgres_repository.go:126.70,128.16 2 1
github.com/example/bookstore/renting/backend/internal/order/postgres_repository.go:128.16,130.3 1 1
github.com/example/bookstore/renting/backend/internal/order/postgres_repository.go:132.2,133.16 2 1
github.com/example/bookstore/renting/backend/internal/order/postgres_repository.go:133.16,135.3 1 1
github.com/example/bookstore/renting/backend/internal/order/postgres_repository.go:136.2,136.19 1 1
github.com/example/bookstore/renting/backend/internal/order/postgres_repository.go:136.19,138.3 1 1
github.com/example/bookstore/renting/backend/internal/order/postgres_repository.go:140.2,140.12 1 1
github.com/example/bookstore/renting/backend/internal/order/postgres_repository.go:147.51,159.16 4 1
github.com/example/bookstore/renting/backend/internal/order/postgres_repository.go:159.16,161.3 1 1
github.com/example/bookstore/renting/backend/internal/order/postgres_repository.go:163.2,165.65 2 1
github.com/example/bookstore/renting/backend/internal/order/postgres_repository.go:165.65,167.3 1 1
github.com/example/bookstore/renting/backend/internal/order/postgres_repository.go:169.2,169.18 1 1
github.com/example/bookstore/renting/backend/internal/order/service.go:24.62,25.18 1 1
github.com/example/bookstore/renting/backend/internal/order/service.go:25.18,27.3 1 1
github.com/example/bookstore/renting/backend/internal/order/service.go:29.2,32.3 1 1
github.com/example/bookstore/renting/backend/internal/order/service.go:35.62,37.2 1 1
github.com/example/bookstore/renting/backend/internal/order/service.go:39.70,40.39 1 1
github.com/example/bookstore/renting/backend/internal/order/service.go:40.39,42.3 1 1
github.com/example/bookstore/renting/backend/internal/order/service.go:43.2,43.34 1 1
github.com/example/bookstore/renting/backend/internal/order/service.go:46.80,47.52 1 1
github.com/example/bookstore/renting/backend/internal/order/service.go:47.52,49.3 1 1
github.com/example/bookstore/renting/backend/internal/order/service.go:51.2,52.16 2 1
github.com/example/bookstore/renting/backend/internal/order/service.go:52.16,54.3 1 0
github.com/example/bookstore/renting/backend/internal/order/service.go:56.2,67.43 4 1
github.com/example/bookstore/renting/backend/internal/order/service.go:67.43,69.3 1 0
github.com/example/bookstore/renting/backend/internal/order/service.go:71.2,71.42 1 1
github.com/example/bookstore/renting/backend/internal/order/service.go:74.91,75.39 1 1
github.com/example/bookstore/renting/backend/internal/order/service.go:75.39,77.3 1 0
github.com/example/bookstore/renting/backend/internal/order/service.go:79.2,80.16 2 1
github.com/example/bookstore/renting/backend/internal/order/service.go:80.16,82.3 1 1
github.com/example/bookstore/renting/backend/internal/order/service.go:84.2,85.23 2 1
github.com/example/bookstore/renting/backend/internal/order/service.go:85.23,87.3 1 1
github.com/example/bookstore/renting/backend/internal/order/service.go:88.2,88.53 1 1
github.com/example/bookstore/renting/backend/internal/order/service.go:88.53,90.3 1 1
github.com/example/bookstore/renting/backend/internal/order/service.go:92.2,102.43 3 1
github.com/example/bookstore/renting/backend/internal/order/service.go:102.43,104.3 1 1
github.com/example/bookstore/renting/backend/internal/order/service.go:106.2,106.42 1 1
github.com/example/bookstore/renting/backend/internal/order/service.go:109.64,110.39 1 1
github.com/example/bookstore/renting/backend/internal/order/service.go:110.39,112.3 1 1
github.com/example/bookstore/renting/backend/internal/order/service.go:113.2,113.37 1 1
github.com/example/bookstore/renting/backend/internal/order/uuid.go:8.32,10.47 2 1
github.com/example/bookstore/renting/backend/internal/order/uuid.go:10.47,12.3 1 0
github.com/example/bookstore/renting/backend/internal/order/uuid.go:14.2,17.106 3 1
github.com/example/bookstore/renting/backend/internal/order/uuid.go:20.34,21.19 1 1
github.com/example/bookstore/renting/backend/internal/order/uuid.go:21.19,23.3 1 1
github.com/example/bookstore/renting/backend/internal/order/uuid.go:25.2,25.30 1 1
github.com/example/bookstore/renting/backend/internal/order/uuid.go:25.30,26.16 1 1
github.com/example/bookstore/renting/backend/internal/order/uuid.go:27.22,28.19 1 1
github.com/example/bookstore/renting/backend/internal/order/uuid.go:28.19,30.5 1 1
github.com/example/bookstore/renting/backend/internal/order/uuid.go:31.11,32.20 1 1
github.com/example/bookstore/renting/backend/internal/order/uuid.go:32.20,34.5 1 1
github.com/example/bookstore/renting/backend/internal/order/uuid.go:38.2,38.12 1 1
github.com/example/bookstore/renting/backend/internal/order/uuid.go:41.28,45.2 1 1
